[main b06ebc0] Daily sync: 2025-04-24 23:59:00
 4 files changed, 12129 insertions(+), 7 deletions(-)
 create mode 100644 logs/2025/04-Apr/23/23.yaml
 create mode 100644 scripts/.daily_sync.sh.kate-swp
 create mode 100644 sync.log
To github.com:medicine-rabbit/OP-Recovery-Experiment.git
   f335600..b06ebc0  main -> main
[main 97c1cb6] Daily sync: 2025-04-25 23:59:00
 10 files changed, 4478 insertions(+), 1 deletion(-)
 create mode 100644 data/processed/feature_datasets/2025-04-25_features.csv
 create mode 100644 data/processed/unified_runs/.~lock.2025-04-25_run_unified.csv#
 create mode 100644 data/processed/unified_runs/2025-04-25_run_unified.csv
 delete mode 100644 scripts/.daily_sync.sh.kate-swp
 create mode 100644 scripts/create_feature_dataset.py
 create mode 100644 scripts/garmin.fit
 create mode 100644 scripts/parse_run.py
 create mode 100644 scripts/stryd.csv
 create mode 100644 specs/.OWL_specification.yaml.kate-swp
To github.com:medicine-rabbit/OP-Recovery-Experiment.git
   2295b43..97c1cb6  main -> main
On branch main
Your branch is up to date with 'origin/main'.

nothing to commit, working tree clean
ssh: Could not resolve hostname github.com: Temporary failure in name resolution
fatal: Could not read from remote repository.

Please make sure you have the correct access rights
and the repository exists.
[main a854521] Daily sync: 2025-05-09 23:59:00
 2 files changed, 69 insertions(+), 5 deletions(-)
 create mode 100644 vault/op_recovery/running_model/Untitled.canvas
ssh: Could not resolve hostname github.com: Temporary failure in name resolution
fatal: Could not read from remote repository.

Please make sure you have the correct access rights
and the repository exists.
[main 0cfdd99] Daily sync: 2025-05-11 23:59:00
 2 files changed, 19 insertions(+), 19 deletions(-)
ssh: Could not resolve hostname github.com: Temporary failure in name resolution
fatal: Could not read from remote repository.

Please make sure you have the correct access rights
and the repository exists.
On branch main
Your branch is up to date with 'origin/main'.

nothing to commit, working tree clean
Everything up-to-date
On branch main
Your branch is up to date with 'origin/main'.

nothing to commit, working tree clean
Everything up-to-date
On branch main
Your branch is up to date with 'origin/main'.

nothing to commit, working tree clean
Everything up-to-date
[main d8a35c3] Daily sync: 2025-05-21 23:59:00
 1 file changed, 2 insertions(+)
To github.com:medicine-rabbit/OP-Recovery-Experiment.git
   7f92d3e..d8a35c3  main -> main
On branch main
Your branch is up to date with 'origin/main'.

nothing to commit, working tree clean
Everything up-to-date
[main b721f6a] Daily sync: 2025-05-25 23:59:01
 1 file changed, 0 insertions(+), 0 deletions(-)
 create mode 100644 patterns/.midday_alpha_gpc_pattern.yaml.kate-swp
ssh: Could not resolve hostname github.com: Temporary failure in name resolution
fatal: Could not read from remote repository.

Please make sure you have the correct access rights
and the repository exists.
[main f9e8e4f] Daily sync: 2025-05-28 00:24:28
 1 file changed, 8 insertions(+)
ssh: Could not resolve hostname github.com: Temporary failure in name resolution
fatal: Could not read from remote repository.

Please make sure you have the correct access rights
and the repository exists.
[main d3c0de3] Daily sync: 2025-05-28 23:59:00
 3 files changed, 9 insertions(+)
To github.com:medicine-rabbit/OP-Recovery-Experiment.git
   2a26089..d3c0de3  main -> main
On branch main
Your branch is up to date with 'origin/main'.

nothing to commit, working tree clean
Everything up-to-date
[main 815051d] Daily sync: 2025-05-31 23:59:00
 2 files changed, 9 insertions(+)
 create mode 100644 dashboard/.~lock.morning_metrics.csv#
 create mode 100644 dashboard/morning_metrics.csv
To github.com:medicine-rabbit/OP-Recovery-Experiment.git
   8c186e8..815051d  main -> main
[main 7d124c6] Daily sync: 2025-06-01 23:59:00
 1 file changed, 6 insertions(+)
To github.com:medicine-rabbit/OP-Recovery-Experiment.git
   815051d..7d124c6  main -> main
[main 521e372] Daily sync: 2025-06-02 23:59:00
 2 files changed, 6 insertions(+)
To github.com:medicine-rabbit/OP-Recovery-Experiment.git
   7d124c6..521e372  main -> main
[main 0745b3b] Daily sync: 2025-06-03 23:59:00
 2 files changed, 6 insertions(+)
To github.com:medicine-rabbit/OP-Recovery-Experiment.git
   521e372..0745b3b  main -> main
[main 2eb6757] Daily sync: 2025-06-04 23:59:00
 2 files changed, 6 insertions(+)
To github.com:medicine-rabbit/OP-Recovery-Experiment.git
   0745b3b..2eb6757  main -> main
[main b2265cc] Daily sync: 2025-06-05 23:59:00
 2 files changed, 6 insertions(+)
To github.com:medicine-rabbit/OP-Recovery-Experiment.git
   2eb6757..b2265cc  main -> main
[main a34a77a] Daily sync: 2025-06-06 23:59:01
 2 files changed, 6 insertions(+)
To github.com:medicine-rabbit/OP-Recovery-Experiment.git
   b2265cc..a34a77a  main -> main
[main a111d9a] Daily sync: 2025-06-07 23:59:01
 2 files changed, 6 insertions(+)
To github.com:medicine-rabbit/OP-Recovery-Experiment.git
   a34a77a..a111d9a  main -> main
[main 5153681] Daily sync: 2025-06-08 23:59:00
 2 files changed, 6 insertions(+)
To github.com:medicine-rabbit/OP-Recovery-Experiment.git
   a111d9a..5153681  main -> main
[main fc56275] Daily sync: 2025-06-09 23:59:00
 2 files changed, 6 insertions(+)
To github.com:medicine-rabbit/OP-Recovery-Experiment.git
   5153681..fc56275  main -> main
[main 17e5329] Daily sync: 2025-06-10 23:59:00
 2 files changed, 6 insertions(+)
To github.com:medicine-rabbit/OP-Recovery-Experiment.git
   fc56275..17e5329  main -> main
[main 248ae8e] Daily sync: 2025-06-11 23:59:00
 2 files changed, 6 insertions(+)
To github.com:medicine-rabbit/OP-Recovery-Experiment.git
   17e5329..248ae8e  main -> main
[main acad8e7] Daily sync: 2025-06-12 23:59:00
 2 files changed, 6 insertions(+)
To github.com:medicine-rabbit/OP-Recovery-Experiment.git
   248ae8e..acad8e7  main -> main
[main ba0d8f9] Daily sync: 2025-06-13 23:59:00
 2 files changed, 6 insertions(+)
To github.com:medicine-rabbit/OP-Recovery-Experiment.git
   acad8e7..ba0d8f9  main -> main
[main 327ea4d] Daily sync: 2025-06-14 23:59:01
 2 files changed, 6 insertions(+)
To github.com:medicine-rabbit/OP-Recovery-Experiment.git
   ba0d8f9..327ea4d  main -> main
[main 4bfe4ec] Daily sync: 2025-06-15 23:59:00
 2 files changed, 6 insertions(+)
To github.com:medicine-rabbit/OP-Recovery-Experiment.git
   327ea4d..4bfe4ec  main -> main
[main 0db58e9] Daily sync: 2025-06-16 23:59:00
 2 files changed, 6 insertions(+)
To github.com:medicine-rabbit/OP-Recovery-Experiment.git
   4bfe4ec..0db58e9  main -> main
[main 09e2909] Daily sync: 2025-06-17 23:59:01
 2 files changed, 6 insertions(+)
To github.com:medicine-rabbit/OP-Recovery-Experiment.git
   0db58e9..09e2909  main -> main
[main 8951dfd] Daily sync: 2025-06-18 23:59:01
 2 files changed, 6 insertions(+)
ssh: Could not resolve hostname github.com: Temporary failure in name resolution
fatal: Could not read from remote repository.

Please make sure you have the correct access rights
and the repository exists.
[main 9686338] Daily sync: 2025-06-19 23:59:00
 2 files changed, 9 insertions(+)
ssh: Could not resolve hostname github.com: Temporary failure in name resolution
fatal: Could not read from remote repository.

Please make sure you have the correct access rights
and the repository exists.
[main 568efeb] Daily sync: 2025-06-20 23:59:00
 2 files changed, 9 insertions(+)
ssh: Could not resolve hostname github.com: Temporary failure in name resolution
fatal: Could not read from remote repository.

Please make sure you have the correct access rights
and the repository exists.
[main 5ea0f3c] Daily sync: 2025-06-21 23:59:00
 2 files changed, 9 insertions(+)
ssh: Could not resolve hostname github.com: Temporary failure in name resolution
fatal: Could not read from remote repository.

Please make sure you have the correct access rights
and the repository exists.
[main 81aaddb] Daily sync: 2025-06-22 23:59:00
 2 files changed, 9 insertions(+)
ssh: Could not resolve hostname github.com: Temporary failure in name resolution
fatal: Could not read from remote repository.

Please make sure you have the correct access rights
and the repository exists.
[main 7a0c598] Daily sync: 2025-06-23 23:59:00
 2 files changed, 9 insertions(+)
ssh: Could not resolve hostname github.com: Temporary failure in name resolution
fatal: Could not read from remote repository.

Please make sure you have the correct access rights
and the repository exists.
[main 8f29f63] Daily sync: 2025-06-24 23:59:00
 2 files changed, 9 insertions(+)
ssh: Could not resolve hostname github.com: Temporary failure in name resolution
fatal: Could not read from remote repository.

Please make sure you have the correct access rights
and the repository exists.
[main d814d91] Daily sync: 2025-06-25 23:59:01
 4 files changed, 35 insertions(+), 48 deletions(-)
 create mode 100644 vault/op_recovery/running_model/Untitled 1.canvas
ssh: Could not resolve hostname github.com: Temporary failure in name resolution
fatal: Could not read from remote repository.

Please make sure you have the correct access rights
and the repository exists.
[main 8130621] Daily sync: 2025-06-26 23:59:00
 2 files changed, 10 insertions(+)
ssh: Could not resolve hostname github.com: Temporary failure in name resolution
fatal: Could not read from remote repository.

Please make sure you have the correct access rights
and the repository exists.
[main 359c972] Daily sync: 2025-06-27 23:59:00
 2 files changed, 9 insertions(+)
ssh: Could not resolve hostname github.com: Temporary failure in name resolution
fatal: Could not read from remote repository.

Please make sure you have the correct access rights
and the repository exists.
[main 567cce0] Daily sync: 2025-06-28 23:59:00
 7 files changed, 157 insertions(+), 10 deletions(-)
 create mode 100644 templates/running/aerobic_envelope_then_strides_2025-06-27.yaml
 create mode 100644 vault/op_recovery/Envelope Settings.md
 create mode 100644 vault/op_recovery/MAF + Strides Settings.md
ssh: Could not resolve hostname github.com: Temporary failure in name resolution
fatal: Could not read from remote repository.

Please make sure you have the correct access rights
and the repository exists.
[main 0acda7f] Daily sync: 2025-06-29 23:59:00
 2 files changed, 12 insertions(+)
ssh: Could not resolve hostname github.com: Temporary failure in name resolution
fatal: Could not read from remote repository.

Please make sure you have the correct access rights
and the repository exists.
[main 836d63f] Daily sync: 2025-06-30 23:59:00
 2 files changed, 9 insertions(+)
ssh: Could not resolve hostname github.com: Temporary failure in name resolution
fatal: Could not read from remote repository.

Please make sure you have the correct access rights
and the repository exists.
[main 9c8866e] Daily sync: 2025-07-01 23:59:00
 2 files changed, 9 insertions(+)
To github.com:medicine-rabbit/OP-Recovery-Experiment.git
   09e2909..9c8866e  main -> main
[main 345f0ef] Daily sync: 2025-07-02 23:59:00
 2 files changed, 6 insertions(+)
To github.com:medicine-rabbit/OP-Recovery-Experiment.git
   9c8866e..345f0ef  main -> main
[main 0eafdab] Daily sync: 2025-07-03 23:59:00
 2 files changed, 6 insertions(+)
To github.com:medicine-rabbit/OP-Recovery-Experiment.git
   345f0ef..0eafdab  main -> main
[main 3511d81] Daily sync: 2025-07-04 23:59:01
 2 files changed, 6 insertions(+)
To github.com:medicine-rabbit/OP-Recovery-Experiment.git
   0eafdab..3511d81  main -> main
[main c03b154] Daily sync: 2025-07-05 23:59:00
 2 files changed, 6 insertions(+)
To github.com:medicine-rabbit/OP-Recovery-Experiment.git
   3511d81..c03b154  main -> main
[main b68cbe3] Daily sync: 2025-07-06 23:59:01
 2 files changed, 6 insertions(+)
To github.com:medicine-rabbit/OP-Recovery-Experiment.git
   c03b154..b68cbe3  main -> main
[main d81fe6a] Daily sync: 2025-07-07 23:59:00
 2 files changed, 6 insertions(+)
To github.com:medicine-rabbit/OP-Recovery-Experiment.git
   b68cbe3..d81fe6a  main -> main
[main d436292] Daily sync: 2025-07-08 23:59:01
 2 files changed, 6 insertions(+)
To github.com:medicine-rabbit/OP-Recovery-Experiment.git
   d81fe6a..d436292  main -> main
[main 3a61f61] Daily sync: 2025-07-09 23:59:00
 2 files changed, 6 insertions(+)
To github.com:medicine-rabbit/OP-Recovery-Experiment.git
   d436292..3a61f61  main -> main
[main b04a076] Daily sync: 2025-07-10 23:59:00
 3 files changed, 6 insertions(+), 1 deletion(-)
 delete mode 100644 dashboard/.~lock.morning_metrics.csv#
To github.com:medicine-rabbit/OP-Recovery-Experiment.git
   3a61f61..b04a076  main -> main
[main b2df2f7] Daily sync: 2025-07-11 23:59:00
 2 files changed, 7 insertions(+)
To github.com:medicine-rabbit/OP-Recovery-Experiment.git
   b04a076..b2df2f7  main -> main
[main 117f9e7] Daily sync: 2025-07-12 23:59:00
 2 files changed, 6 insertions(+)
To github.com:medicine-rabbit/OP-Recovery-Experiment.git
   b2df2f7..117f9e7  main -> main
[main d23436c] Daily sync: 2025-07-13 23:59:01
 2 files changed, 6 insertions(+)
To github.com:medicine-rabbit/OP-Recovery-Experiment.git
   117f9e7..d23436c  main -> main
[main 3cbe123] Daily sync: 2025-07-14 23:59:00
 2 files changed, 6 insertions(+)
To github.com:medicine-rabbit/OP-Recovery-Experiment.git
   d23436c..3cbe123  main -> main
[main 8e8b72a] Daily sync: 2025-07-15 23:59:00
 2 files changed, 6 insertions(+)
To github.com:medicine-rabbit/OP-Recovery-Experiment.git
   3cbe123..8e8b72a  main -> main
[main c600b94] Daily sync: 2025-07-16 23:59:00
 2 files changed, 6 insertions(+)
To github.com:medicine-rabbit/OP-Recovery-Experiment.git
   8e8b72a..c600b94  main -> main
[main e0bc22e] Daily sync: 2025-07-17 23:59:01
 2 files changed, 6 insertions(+)
To github.com:medicine-rabbit/OP-Recovery-Experiment.git
   c600b94..e0bc22e  main -> main
